\BOOKMARK [1][-]{section.1}{\376\377\000I\000n\000t\000r\000o\000d\000u\000\347\000\343\000o}{}% 1
\BOOKMARK [1][-]{section.2}{\376\377\000P\000r\000e\000p\000a\000r\000a\000\347\000\343\000o\000\040\000d\000a\000\040\000B\000a\000s\000e\000\040\000d\000e\000\040\000D\000a\000d\000o\000s}{}% 2
\BOOKMARK [2][-]{subsection.2.1}{\376\377\000E\000x\000e\000c\000u\000\347\000\343\000o\000\040\000c\000o\000m\000\040\000D\000o\000c\000k\000e\000r}{section.2}% 3
\BOOKMARK [1][-]{section.3}{\376\377\000V\000i\000e\000w\000s\000\040\000R\000e\000u\000t\000i\000l\000i\000z\000\341\000v\000e\000i\000s}{}% 4
\BOOKMARK [1][-]{section.4}{\376\377\000M\000o\000d\000e\000l\000o\000\040\000d\000e\000\040\000U\000s\000u\000\341\000r\000i\000o\000s\000\040\000e\000\040\000A\000u\000t\000e\000n\000t\000i\000c\000a\000\347\000\343\000o}{}% 5
\BOOKMARK [2][-]{subsection.4.1}{\376\377\000P\000r\000o\000t\000e\000\347\000\343\000o\000\040\000d\000a\000s\000\040\000S\000e\000n\000h\000a\000s}{section.4}% 6
\BOOKMARK [2][-]{subsection.4.2}{\376\377\000A\000u\000d\000i\000t\000o\000r\000i\000a\000\040\000d\000e\000\040\000A\000c\000e\000s\000s\000o}{section.4}% 7
\BOOKMARK [1][-]{section.5}{\376\377\000T\000r\000i\000g\000g\000e\000r\000s\000\040\000I\000m\000p\000l\000e\000m\000e\000n\000t\000a\000d\000a\000s}{}% 8
\BOOKMARK [2][-]{subsection.5.1}{\376\377\000S\000i\000n\000c\000r\000o\000n\000i\000z\000a\000\347\000\343\000o\000\040\000d\000e\000\040\000P\000i\000l\000o\000t\000o\000s\000\040\000c\000o\000m\000\040\000U\000s\000u\000\341\000r\000i\000o\000s}{section.5}% 9
\BOOKMARK [2][-]{subsection.5.2}{\376\377\000S\000i\000n\000c\000r\000o\000n\000i\000z\000a\000\347\000\343\000o\000\040\000d\000e\000\040\000E\000s\000c\000u\000d\000e\000r\000i\000a\000s\000\040\000c\000o\000m\000\040\000U\000s\000u\000\341\000r\000i\000o\000s}{section.5}% 10
\BOOKMARK [2][-]{subsection.5.3}{\376\377\000A\000t\000u\000a\000l\000i\000z\000a\000\347\000\343\000o\000\040\000d\000e\000\040\000D\000a\000t\000a\000\040\000e\000m\000\040\000U\000s\000u\000\341\000r\000i\000o\000s}{section.5}% 11
\BOOKMARK [2][-]{subsection.5.4}{\376\377\000S\000i\000n\000c\000r\000o\000n\000i\000z\000a\000\347\000\343\000o\000\040\000d\000e\000\040\000V\000\355\000n\000c\000u\000l\000o\000s\000\040\000e\000n\000t\000r\000e\000\040\000E\000s\000c\000u\000d\000e\000r\000i\000a\000s\000\040\000e\000\040\000P\000i\000l\000o\000t\000o\000s}{section.5}% 12
\BOOKMARK [1][-]{section.6}{\376\377\000A\000\347\000\365\000e\000s\000\040\000I\000m\000p\000l\000e\000m\000e\000n\000t\000a\000d\000a\000s}{}% 13
\BOOKMARK [1][-]{section.7}{\376\377\000D\000a\000s\000h\000b\000o\000a\000r\000d\000s}{}% 14
\BOOKMARK [2][-]{subsection.7.1}{\376\377\000D\000a\000s\000h\000b\000o\000a\000r\000d\000\040\000d\000o\000\040\000A\000d\000m\000i\000n\000i\000s\000t\000r\000a\000d\000o\000r}{section.7}% 15
\BOOKMARK [2][-]{subsection.7.2}{\376\377\000D\000a\000s\000h\000b\000o\000a\000r\000d\000\040\000d\000a\000\040\000E\000s\000c\000u\000d\000e\000r\000i\000a}{section.7}% 16
\BOOKMARK [2][-]{subsection.7.3}{\376\377\000D\000a\000s\000h\000b\000o\000a\000r\000d\000\040\000d\000o\000\040\000P\000i\000l\000o\000t\000o}{section.7}% 17
\BOOKMARK [1][-]{section.8}{\376\377\000R\000e\000l\000a\000t\000\363\000r\000i\000o\000s}{}% 18
\BOOKMARK [2][-]{subsection.8.1}{\376\377\000R\000e\000l\000a\000t\000\363\000r\000i\000o\000\040\0001\000\040\040\023\000\040\000A\000d\000m\000i\000n\000:\000\040\000R\000e\000s\000u\000l\000t\000a\000d\000o\000s\000\040\000p\000o\000r\000\040\000S\000t\000a\000t\000u\000s}{section.8}% 19
\BOOKMARK [2][-]{subsection.8.2}{\376\377\000R\000e\000l\000a\000t\000\363\000r\000i\000o\000\040\0002\000\040\040\023\000\040\000A\000d\000m\000i\000n\000:\000\040\000A\000e\000r\000o\000p\000o\000r\000t\000o\000s\000\040\000P\000r\000\363\000x\000i\000m\000o\000s\000\040\000a\000\040\000C\000i\000d\000a\000d\000e\000\040\000B\000r\000a\000s\000i\000l\000e\000i\000r\000a}{section.8}% 20
\BOOKMARK [2][-]{subsection.8.3}{\376\377\000R\000e\000l\000a\000t\000\363\000r\000i\000o\000\040\0003\000\040\040\023\000\040\000A\000d\000m\000i\000n\000:\000\040\000R\000e\000l\000a\000t\000\363\000r\000i\000o\000\040\000H\000i\000e\000r\000\341\000r\000q\000u\000i\000c\000o\000\040\000d\000e\000\040\000C\000o\000r\000r\000i\000d\000a\000s}{section.8}% 21
\BOOKMARK [2][-]{subsection.8.4}{\376\377\000R\000e\000l\000a\000t\000\363\000r\000i\000o\000\040\0004\000\040\040\023\000\040\000E\000s\000c\000u\000d\000e\000r\000i\000a\000:\000\040\000V\000i\000t\000\363\000r\000i\000a\000s\000\040\000p\000o\000r\000\040\000P\000i\000l\000o\000t\000o}{section.8}% 22
\BOOKMARK [2][-]{subsection.8.5}{\376\377\000R\000e\000l\000a\000t\000\363\000r\000i\000o\000\040\0005\000\040\040\023\000\040\000E\000s\000c\000u\000d\000e\000r\000i\000a\000:\000\040\000R\000e\000s\000u\000l\000t\000a\000d\000o\000s\000\040\000p\000o\000r\000\040\000S\000t\000a\000t\000u\000s}{section.8}% 23
\BOOKMARK [2][-]{subsection.8.6}{\376\377\000R\000e\000l\000a\000t\000\363\000r\000i\000o\000\040\0006\000\040\040\023\000\040\000P\000i\000l\000o\000t\000o\000:\000\040\000P\000o\000n\000t\000o\000s\000\040\000p\000o\000r\000\040\000A\000n\000o\000\040\000e\000\040\000C\000o\000r\000r\000i\000d\000a\000s}{section.8}% 24
\BOOKMARK [2][-]{subsection.8.7}{\376\377\000R\000e\000l\000a\000t\000\363\000r\000i\000o\000\040\0007\000\040\040\023\000\040\000P\000i\000l\000o\000t\000o\000:\000\040\000S\000t\000a\000t\000u\000s\000\040\000d\000a\000s\000\040\000C\000o\000r\000r\000i\000d\000a\000s}{section.8}% 25
\BOOKMARK [1][-]{section.9}{\376\377\000\315\000n\000d\000i\000c\000e\000s\000\040\000C\000r\000i\000a\000d\000o\000s}{}% 26
\BOOKMARK [1][-]{section.10}{\376\377\000I\000n\000t\000e\000r\000f\000a\000c\000e\000\040\000d\000a\000\040\000A\000p\000l\000i\000c\000a\000\347\000\343\000o}{}% 27
\BOOKMARK [2][-]{subsection.10.1}{\376\377\000T\000e\000l\000a\000\040\000d\000e\000\040\000L\000o\000g\000i\000n}{section.10}% 28
\BOOKMARK [2][-]{subsection.10.2}{\376\377\000T\000e\000l\000a\000\040\000d\000e\000\040\000D\000a\000s\000h\000b\000o\000a\000r\000d}{section.10}% 29
\BOOKMARK [2][-]{subsection.10.3}{\376\377\000T\000e\000l\000a\000\040\000d\000e\000\040\000R\000e\000l\000a\000t\000\363\000r\000i\000o\000s}{section.10}% 30
\BOOKMARK [1][-]{section.11}{\376\377\000D\000e\000c\000i\000s\000\365\000e\000s\000\040\000d\000e\000\040\000P\000r\000o\000j\000e\000t\000o}{}% 31
\BOOKMARK [1][-]{section.12}{\376\377\000D\000i\000f\000i\000c\000u\000l\000d\000a\000d\000e\000s\000\040\000E\000n\000c\000o\000n\000t\000r\000a\000d\000a\000s}{}% 32
\BOOKMARK [1][-]{section.13}{\376\377\000C\000o\000n\000c\000l\000u\000s\000\343\000o}{}% 33
